C:/Users/sditd/XPM_Rev3x/Core/Src/main.c:1212:6:MX_GPIO_Init	1
C:/Users/sditd/XPM_Rev3x/Core/Src/main.c:1386:6:buildMesTester	3
C:/Users/sditd/XPM_Rev3x/Core/Src/main.c:1406:6:handleFaults	1
C:/Users/sditd/XPM_Rev3x/Core/Src/main.c:1417:6:Error_Handler	1
C:/Users/sditd/XPM_Rev3x/Core/Src/main.c:500:6:SystemClock_Config	3
C:/Users/sditd/XPM_Rev3x/Core/Src/main.c:587:6:MX_ADC1_Init	1
C:/Users/sditd/XPM_Rev3x/Core/Src/main.c:636:6:MX_CRC_Init	1
C:/Users/sditd/XPM_Rev3x/Core/Src/main.c:664:6:MX_I2C1_Init	3
C:/Users/sditd/XPM_Rev3x/Core/Src/main.c:711:6:MX_ICACHE_Init	2
C:/Users/sditd/XPM_Rev3x/Core/Src/main.c:741:6:MX_IWDG_Init	1
C:/Users/sditd/XPM_Rev3x/Core/Src/main.c:769:6:MX_LPTIM1_Init	1
C:/Users/sditd/XPM_Rev3x/Core/Src/main.c:802:6:MX_LPTIM2_Init	1
C:/Users/sditd/XPM_Rev3x/Core/Src/main.c:835:6:MX_LPTIM3_Init	1
C:/Users/sditd/XPM_Rev3x/Core/Src/main.c:868:6:MX_LPUART1_UART_Init	4
C:/Users/sditd/XPM_Rev3x/Core/Src/main.c:914:6:MX_USART2_UART_Init	4
C:/Users/sditd/XPM_Rev3x/Core/Src/main.c:960:6:MX_OCTOSPI1_Init	3
C:/Users/sditd/XPM_Rev3x/Core/Src/main.c:1015:6:MX_RTC_Init	7
C:/Users/sditd/XPM_Rev3x/Core/Src/main.c:1122:6:MX_SPI2_Init	2
C:/Users/sditd/XPM_Rev3x/Core/Src/main.c:1179:6:MX_USB_OTG_FS_HCD_Init	1
C:/Users/sditd/XPM_Rev3x/Core/Src/main.c:110:5:main	7
